// Jest Snapshot v1, https://goo.gl/fbAQLP

exports[`Basic rendering should render 1`] = `"<div tabindex=\\"-1\\" class=\\"block-editor-link-control\\"><div class=\\"block-editor-link-control__search\\"><form><div class=\\"components-base-control block-editor-url-input block-editor-link-control__search-input css-wdf2ti-Wrapper e1puf3u0\\"><div class=\\"components-base-control__field css-11vcxb9-StyledField e1puf3u1\\"><input required=\\"\\" class=\\"block-editor-url-input__input\\" type=\\"text\\" placeholder=\\"Search or type a urlâ€¦\\" role=\\"combobox\\" aria-label=\\"URL\\" aria-expanded=\\"false\\" aria-autocomplete=\\"list\\" aria-owns=\\"block-editor-url-input-suggestions-0\\" value=\\"\\"></div></div><button type=\\"submit\\" class=\\"components-button block-editor-link-control__search-submit is-primary\\" aria-label=\\"Done\\">Done</button></form></div><fieldset class=\\"block-editor-link-control__settings\\"><legend class=\\"components-visually-hidden\\">Currently selected link settings</legend><div class=\\"components-base-control components-toggle-control block-editor-link-control__setting css-wdf2ti-Wrapper e1puf3u0\\"><div class=\\"components-base-control__field css-11vcxb9-StyledField e1puf3u1\\"><span class=\\"components-form-toggle\\"><input class=\\"components-form-toggle__input\\" id=\\"inspector-toggle-control-0\\" type=\\"checkbox\\"><span class=\\"components-form-toggle__track\\"></span><span class=\\"components-form-toggle__thumb\\"></span></span><label for=\\"inspector-toggle-control-0\\" class=\\"components-toggle-control__label\\">Open in new tab</label></div></div></fieldset></div>"`;
